USING RUNNER: behave.runner:Runner
Feature: Search for a product and add it to the cart successfully # features/search_add_to_cart.feature:1

  Scenario: User is able to search for a product and add the product to cart  # features/search_add_to_cart.feature:3
    Given User navigates to adnabu store                                      # features/steps/search_add_to_cart_step.py:4
    Given User enters store password "AdNabuQA"                               # features/steps/search_add_to_cart_step.py:9
    Then User clicks on enter button                                          # features/steps/search_add_to_cart_step.py:19
    When User is on adnabu store homepage                                     # features/steps/search_add_to_cart_step.py:14
    Then User clicks on shop products button                                  # features/steps/search_add_to_cart_step.py:24
    Then User clicks on search icon                                           # features/steps/search_add_to_cart_step.py:34
    Then User searches for "The Multi-location Snowboard"                     # features/steps/search_add_to_cart_step.py:39
    Then User validates the search result                                     # features/steps/search_add_to_cart_step.py:44
    When User clicks on the search result                                     # features/steps/search_add_to_cart_step.py:49
    Then User clicks on add to cart button                                    # features/steps/search_add_to_cart_step.py:29
    Then User verifies the product is successfully added to cart              # features/steps/search_add_to_cart_step.py:54

1 feature passed, 0 failed, 0 skipped
1 scenario passed, 0 failed, 0 skipped
11 steps passed, 0 failed, 0 skipped
Took 0min 7.565s
